The system cannot find the path specified.

C:\Users\Beth>cd C:\Users\Beth\AppData\Local\DBeaver

C:\Users\Beth\AppData\Local\DBeaver>Dbeaver -vmargs -Xmx4g

C:\Users\Beth\AppData\Local\DBeaver>cd C:\Program Files\PostgreSQL\16\bin

C:\Program Files\PostgreSQL\16\bin>psql -U postgres
Password for user postgres:
psql: error: connection to server at "localhost" (::1), port 5432 failed: FATAL:  password authentication failed for user "postgres"

C:\Program Files\PostgreSQL\16\bin>psql -U postgres
Password for user postgres:
psql: error: connection to server at "localhost" (::1), port 5432 failed: FATAL:  password authentication failed for user "postgres"

C:\Program Files\PostgreSQL\16\bin>psql -U postgres
Password for user postgres:
psql (16.1)
WARNING: Console code page (437) differs from Windows code page (1252)
         8-bit characters might not work correctly. See psql reference
         page "Notes for Windows users" for details.
Type "help" for help.

postgres=#
